c:\st\stm32cubeide_1.12.0\stm32cubeide\plugins\com.st.stm32cube.ide.mcu.externaltools.gnu-tools-for-stm32.10.3-2021.10.win32_1.0.200.202301161003\tools\bin\../lib/gcc/arm-none-eabi/10.3.1/../../../../arm-none-eabi/include/c++/10.3.1/arm-none-eabi/thumb/v7e-m+fp/hard/bits/gthr-default.h:229:1:int __gthread_key_delete(__gthread_key_t)	16	static
../Core/Src/main.cpp:111:5:int getADCsimplified()	8	static
../Core/Src/main.cpp:122:6:void colorSensor_Init()	32	static
c:\st\stm32cubeide_1.12.0\stm32cubeide\plugins\com.st.stm32cube.ide.mcu.externaltools.gnu-tools-for-stm32.10.3-2021.10.win32_1.0.200.202301161003\tools\arm-none-eabi\include\c++\10.3.1\bits\stl_algobase.h:254:5:constexpr const _Tp& std::max(const _Tp&, const _Tp&) [with _Tp = short unsigned int]	16	static
../Core/Src/main.cpp:137:13:std::string colorSensor_DetermineColor()	56	static
../Core/Src/main.cpp:171:6:void enableAllMotors()	8	static
../Core/Src/main.cpp:181:6:void disableAllMotors()	8	static
../Core/Src/main.cpp:196:5:int main()	32	static
../Core/Src/main.cpp:414:6:void SystemClock_Config()	88	static
../Core/Src/main.cpp:460:13:void MX_ADC1_Init()	24	static
../Core/Src/main.cpp:512:13:void MX_I2C2_Init()	8	static
../Core/Src/main.cpp:546:13:void MX_TIM1_Init()	80	static
../Core/Src/main.cpp:611:13:void MX_TIM2_Init()	64	static
../Core/Src/main.cpp:670:13:void MX_TIM3_Init()	48	static
../Core/Src/main.cpp:731:13:void MX_TIM4_Init()	48	static
../Core/Src/main.cpp:792:13:void MX_TIM5_Init()	48	static
../Core/Src/main.cpp:845:13:void MX_USART1_UART_Init()	8	static
../Core/Src/main.cpp:878:13:void MX_GPIO_Init()	40	static
../Core/Src/main.cpp:913:6:void HAL_UART_RxCpltCallback(UART_HandleTypeDef*)	32	static
../Core/Src/main.cpp:973:6:void HAL_GPIO_EXTI_Callback(uint16_t)	16	static
../Core/Src/main.cpp:1027:6:void Error_Handler()	4	static,ignoring_inline_asm
c:\st\stm32cubeide_1.12.0\stm32cubeide\plugins\com.st.stm32cube.ide.mcu.externaltools.gnu-tools-for-stm32.10.3-2021.10.win32_1.0.200.202301161003\tools\arm-none-eabi\include\c++\10.3.1\bits\basic_string.h:6197:5:bool std::operator==(const std::__cxx11::basic_string<_CharT, _Traits, _Alloc>&, const _CharT*) [with _CharT = char; _Traits = std::char_traits<char>; _Alloc = std::allocator<char>]	16	static
../Core/Src/main.cpp:1036:1:void __static_initialization_and_destruction_0(int, int)	24	static
../Core/Src/main.cpp:1036:1:cpp)	8	static
