../Core/Src/main.cpp:79:5:int main()	8	static
../Core/Src/main.cpp:165:6:void SystemClock_Config()	88	static
../Core/Src/main.cpp:211:13:void MX_TIM1_Init()	80	static
../Core/Src/main.cpp:288:13:void MX_TIM2_Init()	32	static
../Core/Src/main.cpp:333:13:void MX_USART2_UART_Init()	8	static
../Core/Src/main.cpp:366:13:void MX_GPIO_Init()	16	static
../Core/Src/main.cpp:380:6:void HAL_UART_RxCpltCallback(UART_HandleTypeDef*)	32	static
../Core/Src/main.cpp:445:6:void Error_Handler()	4	static,ignoring_inline_asm
../Core/Src/main.cpp:454:1:void __static_initialization_and_destruction_0(int, int)	24	static
../Core/Src/main.cpp:454:1:cpp)	8	static
